// Jest Snapshot v1, https://goo.gl/fbAQLP

exports[`ScrollToTop matches the snapshot 1`] = `
<ContextConsumer>
  <Component />
</ContextConsumer>
`;
