// Jest Snapshot v1, https://goo.gl/fbAQLP

exports[`App matches the snapshot 1`] = `
<div>
  <Header />
  <App__Body />
  <Footer />
</div>
`;
