// Jest Snapshot v1, https://goo.gl/fbAQLP

exports[`ScrollDownIcon matches the snapshot 1`] = `
<ScrollDownIcon__ScrollDownAnimation>
  <p>
    Scroll Down
  </p>
</ScrollDownIcon__ScrollDownAnimation>
`;
