// Jest Snapshot v1, https://goo.gl/fbAQLP

exports[`<SheetPage /> matches the snapshot 1`] = `undefined`;
