// Jest Snapshot v1, https://goo.gl/fbAQLP

exports[`App matches the snapshot 1`] = `
<withRouter(ScrollToTop)>
  <Header />
  <Switch>
    <Route
      component={[Function]}
      exact={true}
      path="/"
    />
    <Route
      component={[Function]}
      path="/privacy"
    />
    <Route
      component={[Function]}
      path="/upload"
    />
    <Route
      component={[Function]}
      path="/view"
    />
    <Route
      component={[Function]}
      path="/:sheetId"
    />
  </Switch>
  <Footer />
</withRouter(ScrollToTop)>
`;
