// Jest Snapshot v1, https://goo.gl/fbAQLP

exports[`ViewPage matches the snapshot 1`] = `
.c0 {
  padding-top: 20rem;
}

<defaultStyle
  className="c0"
>
  View Page
</defaultStyle>
`;
