// Jest Snapshot v1, https://goo.gl/fbAQLP

exports[`UploadPage matches the snapshot 1`] = `
<div>
  <UploadPage__StyledDiv>
    Upload Page
  </UploadPage__StyledDiv>
  <Filedrop />
</div>
`;
